[INFO][][2024-08-13 22-02-09.008][org.springframework.boot.StartupInfoLogger:50][main]Starting VtSoftApplication using Java 21.0.2 with PID 55673 (/Users/garden/IdeaProjects/video-gather/target/classes started by garden in /Users/garden/IdeaProjects/video-gather)
[INFO][][2024-08-13 22-02-09.009][org.springframework.boot.SpringApplication:654][main]No active profile set, falling back to 1 default profile: "default"
[INFO][][2024-08-13 22-02-09.292][org.springframework.data.repository.config.RepositoryConfigurationDelegate:139][main]Bootstrapping Spring Data JPA repositories in DEFAULT mode.
[INFO][][2024-08-13 22-02-09.319][org.springframework.data.repository.config.RepositoryConfigurationDelegate:208][main]Finished Spring Data repository scanning in 24 ms. Found 2 JPA repository interfaces.
[INFO][][2024-08-13 22-02-09.597][org.springframework.boot.web.embedded.tomcat.TomcatWebServer:109][main]Tomcat initialized with port 80 (http)
[INFO][][2024-08-13 22-02-09.603][org.apache.juli.logging.DirectJDKLog:173][main]Starting service [Tomcat]
[INFO][][2024-08-13 22-02-09.603][org.apache.juli.logging.DirectJDKLog:173][main]Starting Servlet engine: [Apache Tomcat/10.1.19]
[INFO][][2024-08-13 22-02-09.623][org.apache.juli.logging.DirectJDKLog:173][main]Initializing Spring embedded WebApplicationContext
[INFO][][2024-08-13 22-02-09.623][org.springframework.boot.web.servlet.context.ServletWebServerApplicationContext:296][main]Root WebApplicationContext: initialization completed in 594 ms
[INFO][][2024-08-13 22-02-09.695][org.hibernate.jpa.internal.util.LogHelper:31][main]HHH000204: Processing PersistenceUnitInfo [name: default]
[INFO][][2024-08-13 22-02-09.729][org.hibernate.Version:44][main]HHH000412: Hibernate ORM core version 6.4.4.Final
[INFO][][2024-08-13 22-02-09.744][org.hibernate.cache.internal.RegionFactoryInitiator:50][main]HHH000026: Second-level cache disabled
[INFO][][2024-08-13 22-02-09.838][org.springframework.orm.jpa.persistenceunit.SpringPersistenceUnitInfo:87][main]No LoadTimeWeaver setup: ignoring JPA class transformer
[INFO][][2024-08-13 22-02-09.851][com.zaxxer.hikari.HikariDataSource:110][main]HikariPool-1 - Starting...
[INFO][][2024-08-13 22-02-09.951][com.zaxxer.hikari.pool.HikariPool:565][main]HikariPool-1 - Added connection conn0: url=jdbc:h2:file:~/.h2/vt_soft user=ROOT
[INFO][][2024-08-13 22-02-09.952][com.zaxxer.hikari.HikariDataSource:123][main]HikariPool-1 - Start completed.
[INFO][][2024-08-13 22-02-10.310][org.hibernate.engine.transaction.jta.platform.internal.JtaPlatformInitiator:58][main]HHH000489: No JTA platform available (set 'hibernate.transaction.jta.platform' to enable JTA platform integration)
[INFO][][2024-08-13 22-02-10.332][org.springframework.orm.jpa.AbstractEntityManagerFactoryBean:437][main]Initialized JPA EntityManagerFactory for persistence unit 'default'
[INFO][][2024-08-13 22-02-10.458][org.springframework.data.jpa.repository.query.QueryEnhancerFactory:49][main]Hibernate is in classpath; If applicable, HQL parser will be used.
[INFO][][2024-08-13 22-02-10.611][org.springframework.boot.autoconfigure.web.servlet.WelcomePageHandlerMapping:59][main]Adding welcome page template: index
[INFO][][2024-08-13 22-02-10.789][org.quartz.impl.StdSchedulerFactory:1220][main]Using default implementation for ThreadExecutor
[INFO][][2024-08-13 22-02-10.793][org.quartz.core.SchedulerSignalerImpl:61][main]Initialized Scheduler Signaller of type: class org.quartz.core.SchedulerSignalerImpl
[INFO][][2024-08-13 22-02-10.793][org.quartz.core.QuartzScheduler:229][main]Quartz Scheduler v.2.3.2 created.
[INFO][][2024-08-13 22-02-10.793][org.quartz.simpl.RAMJobStore:155][main]RAMJobStore initialized.
[INFO][][2024-08-13 22-02-10.794][org.quartz.core.QuartzScheduler:294][main]Scheduler meta-data: Quartz Scheduler (v2.3.2) 'quartzScheduler' with instanceId 'NON_CLUSTERED'
  Scheduler class: 'org.quartz.core.QuartzScheduler' - running locally.
  NOT STARTED.
  Currently in standby mode.
  Number of jobs executed: 0
  Using thread pool 'org.quartz.simpl.SimpleThreadPool' - with 10 threads.
  Using job-store 'org.quartz.simpl.RAMJobStore' - which does not support persistence. and is not clustered.

[INFO][][2024-08-13 22-02-10.794][org.quartz.impl.StdSchedulerFactory:1374][main]Quartz scheduler 'quartzScheduler' initialized from an externally provided properties instance.
[INFO][][2024-08-13 22-02-10.794][org.quartz.impl.StdSchedulerFactory:1378][main]Quartz scheduler version: 2.3.2
[INFO][][2024-08-13 22-02-10.794][org.quartz.core.QuartzScheduler:2293][main]JobFactory set to: org.springframework.scheduling.quartz.SpringBeanJobFactory@4a84beb7
[INFO][][2024-08-13 22-02-10.826][org.springframework.boot.web.embedded.tomcat.TomcatWebServer:241][main]Tomcat started on port 80 (http) with context path ''
[INFO][][2024-08-13 22-02-10.827][org.springframework.scheduling.quartz.SchedulerFactoryBean:729][main]Starting Quartz Scheduler now
[INFO][][2024-08-13 22-02-10.827][org.quartz.core.QuartzScheduler:547][main]Scheduler quartzScheduler_$_NON_CLUSTERED started.
[INFO][][2024-08-13 22-02-10.833][org.springframework.boot.StartupInfoLogger:56][main]Started VtSoftApplication in 2.015 seconds (process running for 2.379)
[INFO][][2024-08-13 22-02-10.834][com.vtsoft.init.DataInit:38][main]初始化数据.....................
[INFO][][2024-08-13 22-02-10.854][com.vtsoft.init.DataInit:72][main]初始化数据已完成！！！！！！！！！！！！！！
[INFO][][2024-08-13 22-02-22.339][org.apache.juli.logging.DirectJDKLog:173][http-nio-80-exec-1]Initializing Spring DispatcherServlet 'dispatcherServlet'
[INFO][][2024-08-13 22-02-22.339][org.springframework.web.servlet.FrameworkServlet:532][http-nio-80-exec-1]Initializing Servlet 'dispatcherServlet'
[INFO][][2024-08-13 22-02-22.340][org.springframework.web.servlet.FrameworkServlet:554][http-nio-80-exec-1]Completed initialization in 0 ms
[INFO][][2024-08-13 22-02-22.358][com.vtsoft.aspect.ControllerAspect:37][http-nio-80-exec-1]接口访问: /
